// Jest Snapshot v1, https://goo.gl/fbAQLP

exports[`ExperiencePage renders correctly 1`] = `
{
  "asFragment": [Function],
  "baseElement": <body>
    <div>
      <h1>
        ExperiencePage
      </h1>
      <p>
        Find me in
         
        <code>
          ./web/src/pages/ExperiencePage/ExperiencePage.tsx
        </code>
      </p>
      <p>
        My default route is named 
        <code>
          experience
        </code>
        , link to me with \`
        <a
          href="/experience"
        >
          Experience
        </a>
        \`
      </p>
    </div>
  </body>,
  "container": <div>
    <h1>
      ExperiencePage
    </h1>
    <p>
      Find me in
       
      <code>
        ./web/src/pages/ExperiencePage/ExperiencePage.tsx
      </code>
    </p>
    <p>
      My default route is named 
      <code>
        experience
      </code>
      , link to me with \`
      <a
        href="/experience"
      >
        Experience
      </a>
      \`
    </p>
  </div>,
  "debug": [Function],
  "findAllByAltText": [Function],
  "findAllByDisplayValue": [Function],
  "findAllByLabelText": [Function],
  "findAllByPlaceholderText": [Function],
  "findAllByRole": [Function],
  "findAllByTestId": [Function],
  "findAllByText": [Function],
  "findAllByTitle": [Function],
  "findByAltText": [Function],
  "findByDisplayValue": [Function],
  "findByLabelText": [Function],
  "findByPlaceholderText": [Function],
  "findByRole": [Function],
  "findByTestId": [Function],
  "findByText": [Function],
  "findByTitle": [Function],
  "getAllByAltText": [Function],
  "getAllByDisplayValue": [Function],
  "getAllByLabelText": [Function],
  "getAllByPlaceholderText": [Function],
  "getAllByRole": [Function],
  "getAllByTestId": [Function],
  "getAllByText": [Function],
  "getAllByTitle": [Function],
  "getByAltText": [Function],
  "getByDisplayValue": [Function],
  "getByLabelText": [Function],
  "getByPlaceholderText": [Function],
  "getByRole": [Function],
  "getByTestId": [Function],
  "getByText": [Function],
  "getByTitle": [Function],
  "queryAllByAltText": [Function],
  "queryAllByDisplayValue": [Function],
  "queryAllByLabelText": [Function],
  "queryAllByPlaceholderText": [Function],
  "queryAllByRole": [Function],
  "queryAllByTestId": [Function],
  "queryAllByText": [Function],
  "queryAllByTitle": [Function],
  "queryByAltText": [Function],
  "queryByDisplayValue": [Function],
  "queryByLabelText": [Function],
  "queryByPlaceholderText": [Function],
  "queryByRole": [Function],
  "queryByTestId": [Function],
  "queryByText": [Function],
  "queryByTitle": [Function],
  "rerender": [Function],
  "unmount": [Function],
}
`;
